// Jest Snapshot v1, https://goo.gl/fbAQLP

exports[`Main Component Matches Snapshot 1`] = `
<div
  id="page-wrapper"
>
  <div
    className="hide-loading"
    id="loading"
  >
    <h1>
      LOADING
    </h1>
    <svg
      aria-hidden="true"
      className="svg-inline--fa fa-spinner fa-w-16 fa-spin fa-3x "
      data-icon="spinner"
      data-prefix="fas"
      focusable="false"
      role="img"
      style={Object {}}
      viewBox="0 0 512 512"
      xmlns="http://www.w3.org/2000/svg"
    >
      <path
        d="M304 48c0 26.51-21.49 48-48 48s-48-21.49-48-48 21.49-48 48-48 48 21.49 48 48zm-48 368c-26.51 0-48 21.49-48 48s21.49 48 48 48 48-21.49 48-48-21.49-48-48-48zm208-208c-26.51 0-48 21.49-48 48s21.49 48 48 48 48-21.49 48-48-21.49-48-48-48zM96 256c0-26.51-21.49-48-48-48S0 229.49 0 256s21.49 48 48 48 48-21.49 48-48zm12.922 99.078c-26.51 0-48 21.49-48 48s21.49 48 48 48 48-21.49 48-48c0-26.509-21.491-48-48-48zm294.156 0c-26.51 0-48 21.49-48 48s21.49 48 48 48 48-21.49 48-48c0-26.509-21.49-48-48-48zM108.922 60.922c-26.51 0-48 21.49-48 48s21.49 48 48 48 48-21.49 48-48-21.491-48-48-48z"
        fill="currentColor"
        style={Object {}}
      />
    </svg>
    <p>
      Major cities may take some time.
    </p>
  </div>
  <div
    className="side-slide side-hide"
    id="header-wrapper"
  >
    <div
      className="header-stub"
      onClick={[Function]}
    >
      <svg
        aria-hidden="true"
        className="svg-inline--fa fa-play-circle fa-w-16 "
        data-icon="play-circle"
        data-prefix="fas"
        focusable="false"
        role="img"
        style={Object {}}
        viewBox="0 0 512 512"
        xmlns="http://www.w3.org/2000/svg"
      >
        <path
          d="M256 8C119 8 8 119 8 256s111 248 248 248 248-111 248-248S393 8 256 8zm115.7 272l-176 101c-15.8 8.8-35.7-2.5-35.7-21V152c0-18.4 19.8-29.8 35.7-21l176 107c16.4 9.2 16.4 32.9 0 42z"
          fill="currentColor"
          style={Object {}}
        />
      </svg>
      <p>
        Start
      </p>
    </div>
    <div
      className="header-active"
    >
      <div
        className="start-menu-inputs"
      >
        <div
          className="postcode-picker"
        >
          <input
            id="post-code"
            placeholder="Location"
            type="text"
          />
        </div>
        <div
          className="date-month"
        >
          <span>
            Month
          </span>
          <select
            id="month-select"
          >
            <option
              value="01"
            >
              01
            </option>
            <option
              value="02"
            >
              02
            </option>
            <option
              value="03"
            >
              03
            </option>
            <option
              value="04"
            >
              04
            </option>
            <option
              value="05"
            >
              05
            </option>
            <option
              value="06"
            >
              06
            </option>
            <option
              value="07"
            >
              07
            </option>
            <option
              value="08"
            >
              08
            </option>
            <option
              value="09"
            >
              09
            </option>
            <option
              value="10"
            >
              10
            </option>
            <option
              value="11"
            >
              11
            </option>
            <option
              value="12"
            >
              12
            </option>
          </select>
        </div>
        <div
          className="date-year"
        >
          <span>
            Year
          </span>
          <select
            defaultValue="2019"
            id="year-select"
          >
            <option
              value={2020}
            >
              2020
            </option>
            <option
              value={2019}
            >
              2019
            </option>
            <option
              value={2018}
            >
              2018
            </option>
            <option
              value={2017}
            >
              2017
            </option>
            <option
              value={2016}
            >
              2016
            </option>
            <option
              value={2015}
            >
              2015
            </option>
            <option
              value={2014}
            >
              2014
            </option>
            <option
              value={2013}
            >
              2013
            </option>
            <option
              value={2012}
            >
              2012
            </option>
            <option
              value={2011}
            >
              2011
            </option>
            <option
              value={2010}
            >
              2010
            </option>
          </select>
        </div>
      </div>
      <div
        className="submit-button"
      >
        <button
          onClick={[Function]}
        >
          Submit
        </button>
      </div>
    </div>
  </div>
  <div
    className="map"
    id="map"
  >
    <div
      style={
        Object {
          "height": "100%",
          "position": "absolute",
          "width": "100%",
        }
      }
    >
      <div
        style={
          Object {
            "bottom": 0,
            "display": "inherit",
            "left": 0,
            "position": "absolute",
            "right": 0,
            "top": 0,
          }
        }
      >
        Loading map...
      </div>
    </div>
  </div>
  <div
    className="filter-wrapper top-slide top-hide"
  >
    <div
      className="filters"
    />
  </div>
  <div
    className="filter-stub"
    onClick={[Function]}
  >
    <svg
      aria-hidden="true"
      className="svg-inline--fa fa-filter fa-w-16 "
      data-icon="filter"
      data-prefix="fas"
      focusable="false"
      role="img"
      style={Object {}}
      viewBox="0 0 512 512"
      xmlns="http://www.w3.org/2000/svg"
    >
      <path
        d="M487.976 0H24.028C2.71 0-8.047 25.866 7.058 40.971L192 225.941V432c0 7.831 3.821 15.17 10.237 19.662l80 55.98C298.02 518.69 320 507.493 320 487.98V225.941l184.947-184.97C520.021 25.896 509.338 0 487.976 0z"
        fill="currentColor"
        style={Object {}}
      />
    </svg>
    <p>
      Filters
    </p>
  </div>
  <div
    className="errors-wrapper"
    style={
      Object {
        "display": "none",
      }
    }
  >
    <div
      style={
        Object {
          "display": "none",
        }
      }
    >
      <h3 />
    </div>
  </div>
  <div
    className="crime-stats-wrapper"
  >
    <div
      className="crime-stats"
    >
      <div
        className="total-crimes"
      >
        <p>
          Total Crimes 
          0
        </p>
        <input
          name="sort"
          onChange={[Function]}
          type="radio"
          value="location"
        />
        <p>
          Location Sort
        </p>
        <input
          name="sort"
          onChange={[Function]}
          type="radio"
          value="outcome"
        />
        <p>
          Outcome Sort
        </p>
      </div>
      <div
        className="results-table"
      >
        <div
          className="no-results"
        >
          <p>
            No Results - Click start to choose a location. Results are only available for UK locations
          </p>
        </div>
      </div>
    </div>
  </div>
</div>
`;
